// Jest Snapshot v1, https://goo.gl/fbAQLP

exports[`Checkbox renders correctly 1`] = `null`;

exports[`Checkbox renders correctly 2`] = `null`;

exports[`Checkbox renders correctly 3`] = `null`;

exports[`Checkbox renders correctly 4`] = `null`;

exports[`Checkbox renders correctly 5`] = `null`;

exports[`Checkbox renders correctly 6`] = `null`;

exports[`Checkbox renders correctly 7`] = `null`;

exports[`Checkbox renders correctly 8`] = `null`;

exports[`Checkbox renders correctly 9`] = `null`;

exports[`Checkbox renders correctly 10`] = `null`;

exports[`Checkbox renders correctly 11`] = `null`;

exports[`Checkbox renders correctly 12`] = `null`;

exports[`Checkbox renders correctly 13`] = `null`;

exports[`Checkbox renders correctly 14`] = `null`;

exports[`Checkbox renders correctly 15`] = `null`;

exports[`Checkbox renders correctly 16`] = `null`;

exports[`Checkbox renders correctly 17`] = `null`;

exports[`Checkbox renders correctly 18`] = `null`;

exports[`Checkbox renders correctly 19`] = `null`;

exports[`Checkbox renders correctly 20`] = `null`;
