// Jest Snapshot v1, https://goo.gl/fbAQLP

exports[`RadioItem renders correctly 1`] = `null`;

exports[`RadioItem renders correctly 2`] = `null`;

exports[`RadioItem renders correctly 3`] = `null`;

exports[`RadioItem renders correctly 4`] = `null`;

exports[`RadioItem renders correctly 5`] = `null`;

exports[`RadioItem renders correctly 6`] = `null`;

exports[`RadioItem renders correctly 7`] = `null`;

exports[`RadioItem renders correctly 8`] = `null`;

exports[`RadioItem renders correctly 9`] = `null`;

exports[`RadioItem renders correctly 10`] = `null`;

exports[`RadioItem renders correctly 11`] = `null`;

exports[`RadioItem renders correctly 12`] = `null`;

exports[`RadioItem renders correctly 13`] = `null`;

exports[`RadioItem renders correctly 14`] = `null`;

exports[`RadioItem renders correctly 15`] = `null`;

exports[`RadioItem renders correctly 16`] = `null`;

exports[`RadioItem renders correctly 17`] = `null`;

exports[`RadioItem renders correctly 18`] = `null`;

exports[`RadioItem renders correctly 19`] = `null`;

exports[`RadioItem renders correctly 20`] = `null`;
